------------------------------------------------------------
Timing Analyzer Summary
------------------------------------------------------------

Type  : Slow 1200mV 85C Model Setup 'dime'
Slack : -2.184
TNS   : -9.792

Type  : Slow 1200mV 85C Model Setup 'clk'
Slack : -1.873
TNS   : -7.465

Type  : Slow 1200mV 85C Model Hold 'dime'
Slack : -0.026
TNS   : -0.026

Type  : Slow 1200mV 85C Model Hold 'clk'
Slack : 1.503
TNS   : 0.000

Type  : Slow 1200mV 85C Model Minimum Pulse Width 'clk'
Slack : -3.000
TNS   : -9.425

Type  : Slow 1200mV 85C Model Minimum Pulse Width 'dime'
Slack : -3.000
TNS   : -3.000

Type  : Slow 1200mV 0C Model Setup 'dime'
Slack : -2.002
TNS   : -9.070

Type  : Slow 1200mV 0C Model Setup 'clk'
Slack : -1.595
TNS   : -6.234

Type  : Slow 1200mV 0C Model Hold 'dime'
Slack : 0.085
TNS   : 0.000

Type  : Slow 1200mV 0C Model Hold 'clk'
Slack : 1.344
TNS   : 0.000

Type  : Slow 1200mV 0C Model Minimum Pulse Width 'clk'
Slack : -3.000
TNS   : -9.425

Type  : Slow 1200mV 0C Model Minimum Pulse Width 'dime'
Slack : -3.000
TNS   : -3.000

Type  : Fast 1200mV 0C Model Setup 'clk'
Slack : -1.046
TNS   : -4.349

Type  : Fast 1200mV 0C Model Setup 'dime'
Slack : -0.584
TNS   : -2.131

Type  : Fast 1200mV 0C Model Hold 'dime'
Slack : -0.082
TNS   : -0.179

Type  : Fast 1200mV 0C Model Hold 'clk'
Slack : 1.343
TNS   : 0.000

Type  : Fast 1200mV 0C Model Minimum Pulse Width 'clk'
Slack : -3.000
TNS   : -8.327

Type  : Fast 1200mV 0C Model Minimum Pulse Width 'dime'
Slack : -3.000
TNS   : -3.000

------------------------------------------------------------
